// Jest Snapshot v1, https://goo.gl/fbAQLP

exports[`Render correctly card-film component 1`] = `
<article
  className="small-movie-card catalog__movies-card"
  onMouseEnter={[Function]}
  onMouseLeave={[Function]}
>
  <div
    className="small-movie-card__image"
  >
    <video
      height="175"
      poster="img/fantastic-beasts-the-crimes-of-grindelwald.jpg"
      src="https://www.kinomania.ru/load/n?file=//fs.kinomania.ru/trailers/fbwft-rutlr3_854.mp4"
      width="280"
    />
  </div>
  <h3
    className="small-movie-card__title"
  >
    <a
      className="small-movie-card__link"
      href="/films/1"
      onClick={[Function]}
    >
      Fantastic Beats
    </a>
  </h3>
</article>
`;
